2026-08-25 00:15:36 Loaded main app package /nix/store/jfay3xk030wn03ia14h1m5kzviv8vwzx-obsidian-1.13.4/share/obsidian/obsidian.asar
2026-08-25 00:15:37 Checking for update using Github
2026-08-25 00:15:37 Success.
2026-08-25 00:15:37 Latest version is 1.13.7
2026-08-25 00:15:37 Downloading update from https://github.com/obsidianmd/obsidian-releases/releases/download/v1.13.7/obsidian-1.13.7.asar.gz
2026-08-25 00:15:38 Verifying hash & signature. Size= 8773048
2026-08-25 00:15:38 Saving file
2026-08-25 00:15:38 Update complete.
2026-08-26 14:50:26 Loaded updated app /home/d3rhund/.config/obsidian/obsidian-1.13.7.asar
2026-08-26 14:50:26 Checking for update using Github
2026-08-26 14:50:27 Success.
2026-08-26 14:50:27 Latest version is 1.13.7
2026-08-26 14:50:27 App is up to date.
2026-08-26 23:50:26 Loaded updated app /home/d3rhund/.config/obsidian/obsidian-1.13.7.asar
2026-08-26 23:50:26 Checking for update using Github
2026-08-26 23:50:27 Success.
2026-08-26 23:50:27 Latest version is 1.13.7
2026-08-26 23:50:27 App is up to date.
2026-08-26 23:50:53 Loaded updated app /home/d3rhund/.config/obsidian/obsidian-1.13.7.asar
2026-08-26 23:50:53 Checking for update using Github
2026-08-26 23:50:53 Success.
2026-08-26 23:50:53 Latest version is 1.13.7
2026-08-26 23:50:53 App is up to date.
2026-08-28 19:09:55 Loaded updated app /home/d3rhund/.config/obsidian/obsidian-1.13.7.asar
2026-08-28 19:09:56 Checking for update using Github
2026-08-28 19:09:56 Success.
2026-08-28 19:09:56 Latest version is 1.13.7
2026-08-28 19:09:56 App is up to date.
2026-08-28 20:09:55 Checking for update using Github
2026-08-28 20:09:55 Success.
2026-08-28 20:09:55 Latest version is 1.13.7
2026-08-28 20:09:55 App is up to date.
2026-08-28 21:09:55 Checking for update using Github
2026-08-28 21:10:01 Success.
2026-08-28 21:10:01 Latest version is 1.13.7
2026-08-28 21:10:01 App is up to date.
2026-08-28 22:09:55 Checking for update using Github
2026-08-28 22:09:56 Success.
2026-08-28 22:09:56 Latest version is 1.13.7
2026-08-28 22:09:56 App is up to date.
2026-08-28 22:35:23 Loaded updated app /home/d3rhund/.config/obsidian/obsidian-1.13.7.asar
2026-08-28 23:09:56 Checking for update using Github
2026-08-28 23:09:56 Success.
2026-08-28 23:09:56 Latest version is 1.13.7
2026-08-28 23:09:56 App is up to date.
2026-08-29 00:09:56 Checking for update using Github
2026-08-29 00:09:56 Success.
2026-08-29 00:09:56 Latest version is 1.13.7
2026-08-29 00:09:56 App is up to date.
2026-08-29 01:09:56 Checking for update using Github
2026-08-29 01:09:56 Success.
2026-08-29 01:09:56 Latest version is 1.13.7
2026-08-29 01:09:56 App is up to date.
2026-08-29 02:09:56 Checking for update using Github
2026-08-29 02:09:56 Success.
2026-08-29 02:09:56 Latest version is 1.13.7
2026-08-29 02:09:56 App is up to date.
2026-10-05 23:50:00 Loaded updated app /home/d3rhund/.config/obsidian/obsidian-1.13.7.asar
2026-10-05 23:50:01 Checking for update using Github
2026-10-05 23:50:01 Success.
2026-10-05 23:50:01 Latest version is 1.14.4
2026-10-05 23:50:01 Downloading update from https://github.com/obsidianmd/obsidian-releases/releases/download/v1.14.4/obsidian-1.14.4.asar.gz
2026-10-05 23:50:01 Verifying hash & signature. Size= 9200670
2026-10-05 23:50:02 Saving file
2026-10-05 23:50:02 Update complete.
2026-10-07 00:40:29 Loaded updated app /home/d3rhund/.config/obsidian/obsidian-1.14.4.asar
2026-10-07 00:40:29 Checking for update using Github
2026-10-07 00:40:29 Success.
2026-10-07 00:40:29 Latest version is 1.14.4
2026-10-07 00:40:29 App is up to date.
2026-10-07 00:41:57 Loaded updated app /home/d3rhund/.config/obsidian/obsidian-1.14.4.asar
